I'm sorry, but errors were detected in your script. Please correct the
errors listed below, and try again.


File "game/script.rpy", line 195: play requires a file
    play music 
               ^

Ren'Py Version: Ren'Py 8.2.3.24061702
Wed Jul  3 12:07:31 2024
